<code class="language-">const obj = { a: 'abc'}</code>