<p class="nav">Hello World</p><img class="a1" src="assets/images/image.f78b30f4.jpeg"><img class="a2" src="assets/images/image.f78b30f4.jpeg"><img class="a3" src="assets/images/image.f78b30f4.jpeg"><img class="b1" src="assets/images/image.f78b30f4.jpeg"><img class="b2" src="assets/images/image.f78b30f4.jpeg"><img class="c1" src="assets/images/image.f78b30f4.jpeg"><img class="c2" src="assets/images/image.f78b30f4.jpeg"><img class="d1" src="assets/images/image.f78b30f4.jpeg"><img class="d2" src="assets/images/image.f78b30f4.jpeg"><div class="colors"><div style="color:#f00;">red</div><div style="color:#0f0;">green</div><div style="color:#00f;">blue</div></div>