<h3>Colors</h3><div class="color-container"><div style="background-color:#f00;">red</div><div style="background-color:#0f0;">green</div><div style="background-color:#00f;">blue</div></div>