<h1>Hello world!</h1><span>Param[a]: 10</span><span>Param[b]: abc</span><h1>Hello world!</h1><span>Param[a]: 20</span><span>Param[b]: def</span>