<div class="title">About</div><div class="lang">en-US</div><div class="description">Custom about page</div><img src="assets/images/image.f78b30f4.jpeg">