<div class="title">Startseite</div><div class="lang">de-DE</div><div class="description">Benutzerdefinierte Homepage</div><img src="assets/images/image.f78b30f4.jpeg">