<h1>Hello Pug!</h1><code class="language-">$color: red;
h1 {
  color: $color;
}</code>