<h1>Hello world!</h1><div>My title</div><img src="assets/images/image.f78b30f4.jpeg">