<h1>Hello!</h1><p>../images/image.jpeg</p><img src="assets/images/f78b30f412cd192e6753.jpeg"><p>Images/image.jpeg</p><img src="assets/images/f78b30f412cd192e6753.jpeg"><p>&quot;Images/&quot; + file2</p><img src="assets/images/f78b30f412cd192e6753.jpeg"><p>`Images/${file2}`</p><img src="assets/images/f78b30f412cd192e6753.jpeg">