<!DOCTYPE html>
<html>
  <head>
    <link href="/assets/css/styles.bb1392f7.css" rel="stylesheet">
  </head>
  <body>
    <h1>Hello World!</h1><img src="/assets/images/image.f78b30f4.jpg">
  </body>
</html>
