<p>require-variable-parent-dir</p><h2>included sub dir</h2><img src="assets/images/image.f78b30f4.jpeg"><img src="assets/images/image.f78b30f4.jpeg">