<p>require-include-mixin</p><p>test</p><img src="assets/images/image.f78b30f4.jpeg">