<h1>Hello!</h1><p>../images/image.jpeg</p><img src="assets/images/f78b30f412cd192e6753.jpeg"><p>Images/image.jpeg</p><img src="assets/images/f78b30f412cd192e6753.jpeg"><p>&quot;Images/&quot; + file2</p><img src="assets/images/f78b30f412cd192e6753.jpeg"><p>`Images/${file2}`</p><img src="assets/images/f78b30f412cd192e6753.jpeg"><div class="first"><i>red</i><i>green</i><i>blue</i></div><div class="second"><h3>Red Green Blue</h3><i>red</i><i>green</i><i>blue</i><h3>Rose Violet Azure</h3><i>rose</i><i>violet</i><i>azure</i></div>