<p>Hello World!</p><img class="a" src="/assets/images/image.f78b30f4.jpeg"><img class="b" srcset="/assets/images/image1.f78b30f4.jpeg 320w, /assets/images/image2.f78b30f4.jpeg 640w" src="/assets/images/image.f78b30f4.jpeg">