<p>Hello World!</p><pre>"string with double quotes"
next string
</pre><img class="query1" src="/img/image-100w.webp">