<h1>Hello World!</h1><link rel="stylesheet" href="/absolute/assets/styles2.css"><img src="relative/assets/image2.jpeg"><link rel="stylesheet" href="assets/css/styles.8804382b.css"><img src="assets/images/image.f78b30f4.jpeg">