<pre><code class="language-html">&lt;!-- HTML --&gt;
&lt;div class=&quot;content&quot;&gt;
  &lt;p&gt;&amp;copy; M&amp;M'S&lt;/p&gt;
&lt;/div&gt;
</code></pre><p>The &lt;strong&gt; element has the closing &lt;/strong&gt; tag.</p><p>The &lt;html&gt; element is the root element.<br>
Inside the &lt;html&gt; element there is a &lt;body&gt; element.</p>