<span class="token tag"><span class="token tag"><span class="token punctuation">&lt;</span>h1</span><span class="token punctuation">></span></span>Header<span class="token tag"><span class="token tag"><span class="token punctuation">&lt;/</span>h1</span><span class="token punctuation">></span></span>
<pre class="block language-js">  <code class="language-js">
    <span class="token keyword">const</span> obj <span class="token operator">=</span> <span class="token punctuation">{</span> <span class="token literal-property property">key</span><span class="token operator">:</span> <span class="token string">'value'</span> <span class="token punctuation">}</span><span class="token punctuation">;</span>
  </code>
</pre>
<pre class="block language-js">  <code class="language-js">
    <span class="token keyword">const</span> obj <span class="token operator">=</span> <span class="token punctuation">{</span> <span class="token literal-property property">key</span><span class="token operator">:</span> <span class="token string">'value'</span> <span class="token punctuation">}</span><span class="token punctuation">;</span>
  </code>
</pre>
<pre class="language-js">  <code>
    <span class="token keyword">const</span> obj <span class="token operator">=</span> <span class="token punctuation">{</span> <span class="token literal-property property">key</span><span class="token operator">:</span> <span class="token string">'value'</span> <span class="token punctuation">}</span><span class="token punctuation">;</span>
  </code>
</pre>
<pre class="language-dart">  <code class="language-dart">
    <span class="token keyword">const</span> obj <span class="token operator">=</span> <span class="token punctuation">{</span> key<span class="token punctuation">:</span> <span class="token string-literal"><span class="token string">'value'</span></span> <span class="token punctuation">}</span><span class="token punctuation">;</span>
  </code>
</pre>
<pre class="language-php">  <code class="language-php">
    <span class="token variable">$arr</span> <span class="token operator">=</span> <span class="token punctuation">[</span><span class="token number">1</span><span class="token punctuation">,</span> <span class="token number">2</span><span class="token punctuation">]</span><span class="token punctuation">;</span>
  </code>
</pre>
<pre class="language-meta">  <code class="language-meta">
    const id = 123;
  </code>
</pre>