<!DOCTYPE html><html><head><script>console.log('Test block head')</script></head><body><h1>Test block content</h1></body></html>