<h1>Hello world!</h1><span>Param[a]: 10</span><span>Param[b]: abc</span><img src="assets/images/image-f78b30f412cd192e6753.jpeg">