<h1>Hello Pug!</h1>
<p class="file-js"><code class="lang">console.log('>> script.js');</code></p>
<p class="file-pug-with-ext"><code class="lang">p Pug demo</code></p>
<p class="file-pug-wo-ext"><code class="lang">p Pug demo</code></p>
<p class="alias-js"><code class="lang">console.log('>> script.js');</code></p>
<p class="alias-ts"><code class="lang">console.log('>> script.ts');</code></p>
<p class="prefix-alias-js"><code class="lang">console.log('>> script.js');</code></p>
<p class="prefix-alias-ts"><code class="lang">console.log('>> script.ts');</code></p>
