<h1>Test includes</h1><h2>include A</h2><h4>require resource</h4><span>./image.jpeg image.jpeg</span><img src="assets/images/f78b30f412cd192e6753.jpeg"><img src="assets/images/f78b30f412cd192e6753.jpeg"><span>../../src/includes/image.jpeg</span><img src="assets/images/f78b30f412cd192e6753.jpeg"><span>path + ''</span><img src="assets/images/f78b30f412cd192e6753.jpeg"><span>`${path}`)</span><img src="assets/images/f78b30f412cd192e6753.jpeg"><span>`Includes/${image}`</span><img src="assets/images/f78b30f412cd192e6753.jpeg"><span>'Includes/image.jpeg'</span><img src="assets/images/f78b30f412cd192e6753.jpeg"><span>'Includes/' + image</span><img src="assets/images/f78b30f412cd192e6753.jpeg"><h1>readme</h1>