<p>require-variable-parent-dir</p><h2>included sub dir</h2><img src="assets/images/f78b30f412cd192e6753.jpeg"><img src="assets/images/f78b30f412cd192e6753.jpeg">