<p>require-include-mixin</p><p>test</p><img src="assets/images/f78b30f412cd192e6753.jpeg">