<p>require-variable-current-dir</p><img src="assets/f78b30f412cd192e6753.jpeg"><img src="assets/f78b30f412cd192e6753.jpeg"><img src="assets/f78b30f412cd192e6753.jpeg"><img src="assets/f78b30f412cd192e6753.jpeg"><img src="assets/f78b30f412cd192e6753.jpeg">