<p>require-alias</p><img src="assets/images/image-f78b30f412cd192e6753.jpeg"><img src="assets/images/image-f78b30f412cd192e6753.jpeg"><img src="assets/images/image-f78b30f412cd192e6753.jpeg"><img src="assets/images/image-f78b30f412cd192e6753.jpeg">