<h1>Test includes</h1><h2>include A</h2><p>mixin A</p><h3>include B</h3><p>mixin B</p><h4>include C</h4><h1>Markdown test</h1>