<p>Hello World!</p><pre>"string with double quotes"
next string
</pre><img class="query1" src="/img/image-100w.webp"><img class="query2" src="/img/image-102w.webp"><img class="query3" src="/img/image-103w.webp"><img class="query4" src="/img/image-104w.webp"><img class="query5" src="/img/image-105w.webp">