<!DOCTYPE html><html><head><script src="/assets/script.ffa0.js"></script></head><body><h1>Hello World!</h1></body></html>