<p>require-string</p><img src="assets/images/image.f78b30f4.jpeg"><img src="assets/images/image.f78b30f4.jpeg"><img src="assets/images/image.f78b30f4.jpeg"><img src="assets/images/image.f78b30f4.jpeg">