<h1>Test includes</h1><script>const str = 'Include the JavaScript file in script tag.';console.log(str)</script>