<div>include without .pug ext<p class="nav">Hello World</p></div><div>include with .pug ext<p class="nav">Hello World</p></div>