<p>require-variable-sub-dir</p><img class="a1" src="assets/images/image.f78b30f4.jpeg"><img class="b1" src="assets/images/image.f78b30f4.jpeg"><img class="c1" src="assets/images/image.f78b30f4.jpeg"><img class="c2" src="assets/images/image.f78b30f4.jpeg">