<h1>Hello!</h1><span>Param[a]: 7</span><span>Param[b]: zzz</span><img src="assets/images/image.f78b30f4.jpeg"><img src="assets/images/image2.f78b30f4.jpeg"><h1>Hello!</h1><span>Param[a]: 10</span><span>Param[b]: xyz</span><img src="assets/images/image.f78b30f4.jpeg"><img src="assets/images/image2.f78b30f4.jpeg"><h1>Hello!</h1><span>Param[a]: 20</span><span>Param[b]: zzz</span><img src="assets/images/image.f78b30f4.jpeg"><img src="assets/images/image2.f78b30f4.jpeg">