<h1>Hello!</h1><span>Param[a]: 7</span><span>Param[b]: yyy</span><img src="assets/images/image.f78b30f4.jpeg">