<h1>Hello World!</h1><link rel="stylesheet" href="/absolute/assets/styles2.css"><img class="a1" src="relative/assets/image2.jpeg"><link rel="stylesheet" href="assets/css/styles.af901749.css"><img class="a2" src="assets/images/image.f78b30f4.jpeg"><img class="b1" src="assets/images/image.f78b30f4.jpeg"><img class="b2" src="assets/images/image.f78b30f4.jpeg"><img class="b3" src="assets/images/image2.f78b30f4.jpeg">