<!DOCTYPE html><html><body><h1>Hello Pug!</h1><p>about</p></body></html>