<p>require-variable-current-dir</p><img class="a1" src="assets/images/image.f78b30f4.jpeg"><img class="a2" src="assets/images/image.f78b30f4.jpeg"><img class="a3" src="assets/images/image.f78b30f4.jpeg"><img class="a4" src="assets/images/image.f78b30f4.jpeg"><img class="a5" src="assets/images/image.f78b30f4.jpeg"><img class="b1" src="assets/images/image.f78b30f4.jpeg">