<img src="/assets/images/image.f78b30f4.jpeg"><img class="prefix" src="/assets/images/logo.f78b30f4.jpeg"><img class="char" src="/assets/images/logo.f78b30f4.jpeg"><img class="a1" src="/assets/images/logo-a1.f78b30f4.jpeg"><img class="a2" src="/assets/images/logo-a2.f78b30f4.jpeg"><img class="a3" src="/assets/images/logo-a3.f78b30f4.jpeg"><img class="b1" src="/assets/images/logo-b1.f78b30f4.jpeg"><img class="b2" src="/assets/images/logo-b2.f78b30f4.jpeg"><img class="b3" src="/assets/images/logo-b3.f78b30f4.jpeg"><img class="bc1" src="/assets/images/logo-b1.f78b30f4.jpeg"><img class="bc2" src="/assets/images/logo-b2.f78b30f4.jpeg"><img class="bc3" src="/assets/images/logo-b3.f78b30f4.jpeg"><img class="c1" src="/assets/images/logo-c1.f78b30f4.jpeg"><img class="c2" src="/assets/images/logo-c2.f78b30f4.jpeg"><img class="c3" src="/assets/images/logo-c3.f78b30f4.jpeg"><img class="d1" src="/assets/images/logo-d1.f78b30f4.jpeg"><img class="d2" src="/assets/images/logo-d2.f78b30f4.jpeg"><img class="d3" src="/assets/images/logo-d3.f78b30f4.jpeg">